// Jest Snapshot v1, https://goo.gl/fbAQLP

exports[`CreateGroup components should match snapshot test 1`] = `
ShallowWrapper {
  "complexSelector": ComplexSelector {
    "buildPredicate": [Function],
    "childrenOfNode": [Function],
    "findWhereUnwrapped": [Function],
  },
  "length": 1,
  "node": <div
    className="panel-body"
  >
    <form
      className="navbar-form"
      role="search"
    >
      <div
        className="form-group"
      >
        <input
          className="form-control"
          name="groupName"
          onChange={[Function]}
          placeholder="Create Group"
          type="text"
          value=""
        />
      </div>
      <button
        className="btn btn-default "
        onClick={[Function]}
        type="submit"
      >
        <span
          className="glyphicon glyphicon-plus"
        />
      </button>
    </form>
  </div>,
  "nodes": Array [
    <div
      className="panel-body"
    >
      <form
        className="navbar-form"
        role="search"
      >
        <div
          className="form-group"
        >
          <input
            className="form-control"
            name="groupName"
            onChange={[Function]}
            placeholder="Create Group"
            type="text"
            value=""
          />
        </div>
        <button
          className="btn btn-default "
          onClick={[Function]}
          type="submit"
        >
          <span
            className="glyphicon glyphicon-plus"
          />
        </button>
      </form>
    </div>,
  ],
  "options": Object {},
  "renderer": ReactShallowRenderer {
    "_context": Object {},
    "_element": <CreateGroup
      onChange={[Function]}
      onClick={[Function]}
    />,
    "_instance": CreateGroup {
      "context": Object {},
      "onChange": [Function],
      "onClick": [Function],
      "props": Object {
        "onChange": [Function],
        "onClick": [Function],
      },
      "refs": Object {},
      "state": Object {
        "groupName": "",
      },
      "updater": Updater {
        "_renderer": [Circular],
      },
    },
    "_newState": null,
    "_rendered": <div
      className="panel-body"
    >
      <form
        className="navbar-form"
        role="search"
      >
        <div
          className="form-group"
        >
          <input
            className="form-control"
            name="groupName"
            onChange={[Function]}
            placeholder="Create Group"
            type="text"
            value=""
          />
        </div>
        <button
          className="btn btn-default "
          onClick={[Function]}
          type="submit"
        >
          <span
            className="glyphicon glyphicon-plus"
          />
        </button>
      </form>
    </div>,
    "_rendering": false,
    "_updater": Updater {
      "_renderer": [Circular],
    },
    "getRenderOutput": [Function],
    "render": [Function],
  },
  "root": [Circular],
  "unrendered": <CreateGroup
    onChange={[Function]}
    onClick={[Function]}
  />,
}
`;
