// Jest Snapshot v1, https://goo.gl/fbAQLP

exports[`GroupList components should match snapshot test 1`] = `
ShallowWrapper {
  "complexSelector": ComplexSelector {
    "buildPredicate": [Function],
    "childrenOfNode": [Function],
    "findWhereUnwrapped": [Function],
  },
  "length": 1,
  "node": <div>
    <div
      className="headerlist"
    >
       
      <h4>
         No Group yet 
      </h4>
       
    </div>
    <div
      className="groupList"
    />
  </div>,
  "nodes": Array [
    <div>
      <div
        className="headerlist"
      >
         
        <h4>
           No Group yet 
        </h4>
         
      </div>
      <div
        className="groupList"
      />
    </div>,
  ],
  "options": Object {},
  "renderer": ReactShallowRenderer {
    "_context": Object {},
    "_element": <GroupList />,
    "_instance": GroupList {
      "context": Object {},
      "onChange": [Function],
      "props": Object {},
      "refs": Object {},
      "state": Object {
        "groups": Array [],
        "loggedInUser": Array [],
        "message": Array [],
        "readUsers": Array [],
        "selectedGroup": Array [],
        "showAddUser": false,
        "showCreateGroup": false,
        "user": Array [],
        "users": Array [],
      },
      "updater": Updater {
        "_renderer": [Circular],
      },
    },
    "_newState": null,
    "_rendered": <div>
      <div
        className="headerlist"
      >
         
        <h4>
           No Group yet 
        </h4>
         
      </div>
      <div
        className="groupList"
      />
    </div>,
    "_rendering": false,
    "_updater": Updater {
      "_renderer": [Circular],
    },
    "getRenderOutput": [Function],
    "render": [Function],
  },
  "root": [Circular],
  "unrendered": <GroupList />,
}
`;
