// Jest Snapshot v1, https://goo.gl/fbAQLP

exports[`Login should match snapshot test 1`] = `
ShallowWrapper {
  "complexSelector": ComplexSelector {
    "buildPredicate": [Function],
    "childrenOfNode": [Function],
    "findWhereUnwrapped": [Function],
  },
  "length": 1,
  "node": <div>
    <MuiThemeProvider>
      <Card
        className="card"
        expandable={false}
        expanded={null}
        initiallyExpanded={false}
      >
        <CardTitle
          subtitle="To continue using PostIt, you need to login below"
          title="Login Form"
        />
        <TextField
          disabled={false}
          floatingLabelFixed={false}
          floatingLabelText="Your Email"
          fullWidth={false}
          multiLine={false}
          name="email"
          onChange={[Function]}
          rows={1}
          type="text"
          underlineShow={true}
          value=""
        />
        <br />
        <TextField
          disabled={false}
          floatingLabelFixed={false}
          floatingLabelText="Your Password"
          fullWidth={false}
          multiLine={false}
          name="password"
          onChange={[Function]}
          rows={1}
          type="password"
          underlineShow={true}
          value=""
        />
        <br />
        <br />
        <p>
           Already Have an account,
          <Link
            replace={false}
            to="/signup"
          >
             Register here 
          </Link>
           
        </p>
        <p>
           Forgot your Password? Enter your Email and 
          <a
            href="/#/signup"
            onClick={[Function]}
          >
             Click here 
          </a>
           
        </p>
        <RaisedButton
          disabled={false}
          fullWidth={false}
          label="Login"
          labelPosition="after"
          onClick={[Function]}
          primary={true}
          secondary={false}
        />
        <br />
        <br />
        <div
          className="row"
        >
          <center>
            <GoogleButton
              disabled={false}
              label="Sign in with Google"
              onClick={[Function]}
              type="dark"
            />
          </center>
        </div>
      </Card>
    </MuiThemeProvider>
  </div>,
  "nodes": Array [
    <div>
      <MuiThemeProvider>
        <Card
          className="card"
          expandable={false}
          expanded={null}
          initiallyExpanded={false}
        >
          <CardTitle
            subtitle="To continue using PostIt, you need to login below"
            title="Login Form"
          />
          <TextField
            disabled={false}
            floatingLabelFixed={false}
            floatingLabelText="Your Email"
            fullWidth={false}
            multiLine={false}
            name="email"
            onChange={[Function]}
            rows={1}
            type="text"
            underlineShow={true}
            value=""
          />
          <br />
          <TextField
            disabled={false}
            floatingLabelFixed={false}
            floatingLabelText="Your Password"
            fullWidth={false}
            multiLine={false}
            name="password"
            onChange={[Function]}
            rows={1}
            type="password"
            underlineShow={true}
            value=""
          />
          <br />
          <br />
          <p>
             Already Have an account,
            <Link
              replace={false}
              to="/signup"
            >
               Register here 
            </Link>
             
          </p>
          <p>
             Forgot your Password? Enter your Email and 
            <a
              href="/#/signup"
              onClick={[Function]}
            >
               Click here 
            </a>
             
          </p>
          <RaisedButton
            disabled={false}
            fullWidth={false}
            label="Login"
            labelPosition="after"
            onClick={[Function]}
            primary={true}
            secondary={false}
          />
          <br />
          <br />
          <div
            className="row"
          >
            <center>
              <GoogleButton
                disabled={false}
                label="Sign in with Google"
                onClick={[Function]}
                type="dark"
              />
            </center>
          </div>
        </Card>
      </MuiThemeProvider>
    </div>,
  ],
  "options": Object {},
  "renderer": ReactShallowRenderer {
    "_context": Object {},
    "_element": <Login
      onChange={[Function]}
      onClick={[Function]}
      onClickGoogle={[Function]}
      onClickReset={[Function]}
    />,
    "_instance": Login {
      "context": Object {},
      "onChange": [Function],
      "onClick": [Function],
      "onClickGoogle": [Function],
      "onClickReset": [Function],
      "onError": [Function],
      "props": Object {
        "onChange": [Function],
        "onClick": [Function],
        "onClickGoogle": [Function],
        "onClickReset": [Function],
      },
      "refs": Object {},
      "state": Object {
        "email": "",
        "errors": "",
        "password": "",
        "success": "",
      },
      "updater": Updater {
        "_renderer": [Circular],
      },
    },
    "_newState": null,
    "_rendered": <div>
      <MuiThemeProvider>
        <Card
          className="card"
          expandable={false}
          expanded={null}
          initiallyExpanded={false}
        >
          <CardTitle
            subtitle="To continue using PostIt, you need to login below"
            title="Login Form"
          />
          <TextField
            disabled={false}
            floatingLabelFixed={false}
            floatingLabelText="Your Email"
            fullWidth={false}
            multiLine={false}
            name="email"
            onChange={[Function]}
            rows={1}
            type="text"
            underlineShow={true}
            value=""
          />
          <br />
          <TextField
            disabled={false}
            floatingLabelFixed={false}
            floatingLabelText="Your Password"
            fullWidth={false}
            multiLine={false}
            name="password"
            onChange={[Function]}
            rows={1}
            type="password"
            underlineShow={true}
            value=""
          />
          <br />
          <br />
          <p>
             Already Have an account,
            <Link
              replace={false}
              to="/signup"
            >
               Register here 
            </Link>
             
          </p>
          <p>
             Forgot your Password? Enter your Email and 
            <a
              href="/#/signup"
              onClick={[Function]}
            >
               Click here 
            </a>
             
          </p>
          <RaisedButton
            disabled={false}
            fullWidth={false}
            label="Login"
            labelPosition="after"
            onClick={[Function]}
            primary={true}
            secondary={false}
          />
          <br />
          <br />
          <div
            className="row"
          >
            <center>
              <GoogleButton
                disabled={false}
                label="Sign in with Google"
                onClick={[Function]}
                type="dark"
              />
            </center>
          </div>
        </Card>
      </MuiThemeProvider>
    </div>,
    "_rendering": false,
    "_updater": Updater {
      "_renderer": [Circular],
    },
    "getRenderOutput": [Function],
    "render": [Function],
  },
  "root": [Circular],
  "unrendered": <Login
    onChange={[Function]}
    onClick={[Function]}
    onClickGoogle={[Function]}
    onClickReset={[Function]}
  />,
}
`;
