// Jest Snapshot v1, https://goo.gl/fbAQLP

exports[`User components should match snapshot test 1`] = `
ShallowWrapper {
  "complexSelector": ComplexSelector {
    "buildPredicate": [Function],
    "childrenOfNode": [Function],
    "findWhereUnwrapped": [Function],
  },
  "length": 1,
  "node": <div
    className="msg_container_base"
  >
    <div
      className="row msg_container base_sent"
    >
      <div
        className="col-md-10 col-xs-10"
      >
        <ul>
          <div
            className="messages msg_sent"
          >
            <p>
               
              sasil
               
            </p>
            <time>
               Posted by 
              Wash
               on 
              
            </time>
            <br />
            <time>
               This message is 
              Read
               
            </time>
             
            <br />
            <time>
               Read by 
              <span>
                 
                 
              </span>
               
            </time>
          </div>
        </ul>
      </div>
    </div>
  </div>,
  "nodes": Array [
    <div
      className="msg_container_base"
    >
      <div
        className="row msg_container base_sent"
      >
        <div
          className="col-md-10 col-xs-10"
        >
          <ul>
            <div
              className="messages msg_sent"
            >
              <p>
                 
                sasil
                 
              </p>
              <time>
                 Posted by 
                Wash
                 on 
                
              </time>
              <br />
              <time>
                 This message is 
                Read
                 
              </time>
               
              <br />
              <time>
                 Read by 
                <span>
                   
                   
                </span>
                 
              </time>
            </div>
          </ul>
        </div>
      </div>
    </div>,
  ],
  "options": Object {},
  "renderer": ReactShallowRenderer {
    "_context": Object {},
    "_element": <Message
      message={
        Object {
          "author": "Wash",
          "date": "",
          "messageText": "sasil",
          "status": "Read",
        }
      }
    />,
    "_instance": Message {
      "context": Object {},
      "props": Object {
        "message": Object {
          "author": "Wash",
          "date": "",
          "messageText": "sasil",
          "status": "Read",
        },
      },
      "refs": Object {},
      "state": Object {},
      "updater": Updater {
        "_renderer": [Circular],
      },
    },
    "_newState": null,
    "_rendered": <div
      className="msg_container_base"
    >
      <div
        className="row msg_container base_sent"
      >
        <div
          className="col-md-10 col-xs-10"
        >
          <ul>
            <div
              className="messages msg_sent"
            >
              <p>
                 
                sasil
                 
              </p>
              <time>
                 Posted by 
                Wash
                 on 
                
              </time>
              <br />
              <time>
                 This message is 
                Read
                 
              </time>
               
              <br />
              <time>
                 Read by 
                <span>
                   
                   
                </span>
                 
              </time>
            </div>
          </ul>
        </div>
      </div>
    </div>,
    "_rendering": false,
    "_updater": Updater {
      "_renderer": [Circular],
    },
    "getRenderOutput": [Function],
    "render": [Function],
  },
  "root": [Circular],
  "unrendered": <Message
    message={
      Object {
        "author": "Wash",
        "date": "",
        "messageText": "sasil",
        "status": "Read",
      }
    }
  />,
}
`;
