// Jest Snapshot v1, https://goo.gl/fbAQLP

exports[`MessageList components should match snapshot test 1`] = `
ShallowWrapper {
  "complexSelector": ComplexSelector {
    "buildPredicate": [Function],
    "childrenOfNode": [Function],
    "findWhereUnwrapped": [Function],
  },
  "length": 1,
  "node": <div>
    <div
      className="viewMessage"
      id="mesa"
    >
      <h2
        className="messageHeader"
      >
         No Message in Group 
      </h2>
    </div>
    <div
      id="footer"
    >
      <MessageBox
        author={undefined}
        groupId={undefined}
      />
    </div>
  </div>,
  "nodes": Array [
    <div>
      <div
        className="viewMessage"
        id="mesa"
      >
        <h2
          className="messageHeader"
        >
           No Message in Group 
        </h2>
      </div>
      <div
        id="footer"
      >
        <MessageBox
          author={undefined}
          groupId={undefined}
        />
      </div>
    </div>,
  ],
  "options": Object {},
  "renderer": ReactShallowRenderer {
    "_context": Object {},
    "_element": <MessageList
      messages={
        Array [
          Object {
            "messageBody": "Test message",
            "postedBy": "testUser@gmail.com",
            "postedByDisplayName": "Test User",
            "postedon": "",
            "priority": "Normal",
          },
        ]
      }
      readUsers={
        Array [
          Object {
            "K345SHRKSDFKDSDGjhe5": "Adeola",
          },
          Object {
            "K95745SHRKSDFKDSDGjhe5": "Kola",
          },
        ]
      }
      selectedGroup={
        Object {
          "groupId": "TUsUaucS5nb5kuOP6SpvTUcX9v3",
          "groupName": "Test Group",
        }
      }
    />,
    "_instance": MessageList {
      "context": Object {},
      "onChange": [Function],
      "props": Object {
        "messages": Array [
          Object {
            "messageBody": "Test message",
            "postedBy": "testUser@gmail.com",
            "postedByDisplayName": "Test User",
            "postedon": "",
            "priority": "Normal",
          },
        ],
        "readUsers": Array [
          Object {
            "K345SHRKSDFKDSDGjhe5": "Adeola",
          },
          Object {
            "K95745SHRKSDFKDSDGjhe5": "Kola",
          },
        ],
        "selectedGroup": Object {
          "groupId": "TUsUaucS5nb5kuOP6SpvTUcX9v3",
          "groupName": "Test Group",
        },
      },
      "refs": Object {},
      "state": Object {
        "message": "",
      },
      "updater": Updater {
        "_renderer": [Circular],
      },
    },
    "_newState": null,
    "_rendered": <div>
      <div
        className="viewMessage"
        id="mesa"
      >
        <h2
          className="messageHeader"
        >
           No Message in Group 
        </h2>
      </div>
      <div
        id="footer"
      >
        <MessageBox
          author={undefined}
          groupId={undefined}
        />
      </div>
    </div>,
    "_rendering": false,
    "_updater": Updater {
      "_renderer": [Circular],
    },
    "getRenderOutput": [Function],
    "render": [Function],
  },
  "root": [Circular],
  "unrendered": <MessageList
    messages={
      Array [
        Object {
          "messageBody": "Test message",
          "postedBy": "testUser@gmail.com",
          "postedByDisplayName": "Test User",
          "postedon": "",
          "priority": "Normal",
        },
      ]
    }
    readUsers={
      Array [
        Object {
          "K345SHRKSDFKDSDGjhe5": "Adeola",
        },
        Object {
          "K95745SHRKSDFKDSDGjhe5": "Kola",
        },
      ]
    }
    selectedGroup={
      Object {
        "groupId": "TUsUaucS5nb5kuOP6SpvTUcX9v3",
        "groupName": "Test Group",
      }
    }
  />,
}
`;
