// Jest Snapshot v1, https://goo.gl/fbAQLP

exports[`UserList components should match snapshot test 1`] = `
ShallowWrapper {
  "complexSelector": ComplexSelector {
    "buildPredicate": [Function],
    "childrenOfNode": [Function],
    "findWhereUnwrapped": [Function],
  },
  "length": 1,
  "node": <div>
    <div
      className="headerlist"
    >
       
      <h4
        className="card-header"
      >
         Members 
      </h4>
       
    </div>
    <div
      className="userList"
    />
  </div>,
  "nodes": Array [
    <div>
      <div
        className="headerlist"
      >
         
        <h4
          className="card-header"
        >
           Members 
        </h4>
         
      </div>
      <div
        className="userList"
      />
    </div>,
  ],
  "options": Object {},
  "renderer": ReactShallowRenderer {
    "_context": Object {},
    "_element": <UserList />,
    "_instance": UserList {
      "context": Object {},
      "props": Object {},
      "refs": Object {},
      "state": Object {},
      "updater": Updater {
        "_renderer": [Circular],
      },
    },
    "_newState": null,
    "_rendered": <div>
      <div
        className="headerlist"
      >
         
        <h4
          className="card-header"
        >
           Members 
        </h4>
         
      </div>
      <div
        className="userList"
      />
    </div>,
    "_rendering": false,
    "_updater": Updater {
      "_renderer": [Circular],
    },
    "getRenderOutput": [Function],
    "render": [Function],
  },
  "root": [Circular],
  "unrendered": <UserList />,
}
`;
